aŋgu:s
aŋgu:sis
ʤigomani:
ʤigomani:s
istana
istanais
alani:ge
dongeta
mines
naŋkakok
xanaselu:
θigamanui
u:ʤogθi:da
olis
laŋgu:
soli:
θika:so:
wo
θami
wois
tai
samu:l
tais
mai
ginola
mais
o θami
o θami
o
o mines
silmiθi:a
o silmiθi:a
mailinvs
o mailinvs
